gthr-default.h:229:1:int __gthread_key_delete(__gthread_key_t)	16	static
appmain.cpp:68:7:void appmain()	16	static
array:175:7:constexpr std::array<_Tp, _Nm>::size_type std::array<_Tp, _Nm>::size() const [with _Tp = long unsigned int; unsigned int _Nm = 64]	16	static
appmain.cpp:102:7:void HAL_TIM_PeriodElapsedCallback(TIM_HandleTypeDef*)	32	static
array:126:7:std::array<_Tp, _Nm>::value_type* std::array<_Tp, _Nm>::begin() [with _Tp = long unsigned int; unsigned int _Nm = 64]	16	static
dsp_buffer.hpp:40:11:dsp_double_buffer<T, size>::dsp_double_buffer() [with T = short unsigned int; unsigned int size = 10]	24	static
dsp_buffer.hpp:118:36:T* dsp_double_buffer<T, size>::getRxBuf() [with T = short unsigned int; unsigned int size = 10]	16	static
array:185:7:std::array<_Tp, _Nm>::value_type& std::array<_Tp, _Nm>::operator[](std::array<_Tp, _Nm>::size_type) [with _Tp = long unsigned int; unsigned int _Nm = 64]	16	static
array:234:7:std::array<_Tp, _Nm>::value_type* std::array<_Tp, _Nm>::data() [with _Tp = long unsigned int; unsigned int _Nm = 64]	16	static
array:175:7:constexpr std::array<_Tp, _Nm>::size_type std::array<_Tp, _Nm>::size() const [with _Tp = short unsigned int; unsigned int _Nm = 10]	16	static
array:116:7:void std::array<_Tp, _Nm>::fill(const value_type&) [with _Tp = short unsigned int; unsigned int _Nm = 10]	24	static
array:234:7:std::array<_Tp, _Nm>::value_type* std::array<_Tp, _Nm>::data() [with _Tp = short unsigned int; unsigned int _Nm = 10]	16	static
array:55:7:static constexpr _Tp& std::__array_traits<_Tp, _Nm>::_S_ref(const _Tp (&)[_Nm], std::size_t) [with _Tp = long unsigned int; unsigned int _Nm = 64]	16	static
array:59:7:static constexpr _Tp* std::__array_traits<_Tp, _Nm>::_S_ptr(const _Tp (&)[_Nm]) [with _Tp = long unsigned int; unsigned int _Nm = 64]	16	static
array:126:7:std::array<_Tp, _Nm>::value_type* std::array<_Tp, _Nm>::begin() [with _Tp = short unsigned int; unsigned int _Nm = 10]	16	static
stl_algobase.h:784:5:_OI std::fill_n(_OI, _Size, const _Tp&) [with _OI = short unsigned int*; _Size = unsigned int; _Tp = short unsigned int]	24	static
array:59:7:static constexpr _Tp* std::__array_traits<_Tp, _Nm>::_S_ptr(const _Tp (&)[_Nm]) [with _Tp = short unsigned int; unsigned int _Nm = 10]	16	static
stl_algobase.h:277:5:_Iterator std::__niter_base(_Iterator) [with _Iterator = short unsigned int*]	16	static
stl_algobase.h:749:5:typename __gnu_cxx::__enable_if<std::__is_scalar<_Tp>::__value, _OutputIterator>::__type std::__fill_n_a(_OutputIterator, _Size, const _Tp&) [with _OutputIterator = short unsigned int*; _Size = unsigned int; _Tp = short unsigned int]	32	static
appmain.cpp:116:2:void __static_initialization_and_destruction_0(int, int)	16	static
appmain.cpp:116:2:cpp)	8	static
appmain.cpp:116:2:cpp)	8	static
