gthr-default.h:229:1:int __gthread_key_delete(__gthread_key_t)	16	static
SimpleString.cpp:33:1:GlobalSimpleStringAllocatorStash::GlobalSimpleStringAllocatorStash()	16	static
SimpleString.cpp:38:6:void GlobalSimpleStringAllocatorStash::save()	16	static
SimpleString.cpp:43:6:void GlobalSimpleStringAllocatorStash::restore()	16	static
SimpleString.cpp:49:1:GlobalSimpleStringMemoryAccountant::GlobalSimpleStringMemoryAccountant()	24	static
SimpleString.cpp:55:1:GlobalSimpleStringMemoryAccountant::~GlobalSimpleStringMemoryAccountant()	24	static
SimpleString.cpp:63:6:void GlobalSimpleStringMemoryAccountant::restoreAllocator()	16	static
SimpleString.cpp:69:6:void GlobalSimpleStringMemoryAccountant::useCacheSizes(size_t*, size_t)	24	static
SimpleString.cpp:74:6:void GlobalSimpleStringMemoryAccountant::start()	24	static
SimpleString.cpp:84:6:void GlobalSimpleStringMemoryAccountant::stop()	32	static
SimpleString.cpp:95:14:SimpleString GlobalSimpleStringMemoryAccountant::report()	16	static
SimpleString.cpp:100:32:AccountingTestMemoryAllocator* GlobalSimpleStringMemoryAccountant::getAllocator()	16	static
SimpleString.cpp:107:22:static TestMemoryAllocator* SimpleString::getStringAllocator()	8	static
SimpleString.cpp:114:6:static void SimpleString::setStringAllocator(TestMemoryAllocator*)	16	static
SimpleString.cpp:120:7:static char* SimpleString::allocStringBuffer(size_t, const char*, size_t)	32	static
SimpleString.cpp:125:6:static void SimpleString::deallocStringBuffer(char*, size_t, const char*, size_t)	40	static
SimpleString.cpp:130:7:char* SimpleString::getEmptyString() const	24	static
SimpleString.cpp:138:10:static unsigned int SimpleString::AtoU(const char*)	24	static
SimpleString.cpp:151:5:static int SimpleString::AtoI(const char*)	24	static
SimpleString.cpp:167:5:static int SimpleString::StrCmp(const char*, const char*)	16	static
SimpleString.cpp:176:8:static size_t SimpleString::StrLen(const char*)	24	static
SimpleString.cpp:183:5:static int SimpleString::StrNCmp(const char*, const char*, size_t)	24	static
SimpleString.cpp:193:7:static char* SimpleString::StrNCpy(char*, const char*, size_t)	32	static
SimpleString.cpp:204:13:static const char* SimpleString::StrStr(const char*, const char*)	16	static
SimpleString.cpp:213:6:static char SimpleString::ToLower(char)	16	static
SimpleString.cpp:218:5:static int SimpleString::MemCmp(const void*, const void*, size_t)	32	static
SimpleString.cpp:233:6:void SimpleString::deallocateInternalBuffer()	16	static
SimpleString.cpp:242:6:void SimpleString::setInternalBufferAsEmptyString()	16	static
SimpleString.cpp:250:6:void SimpleString::copyBufferToNewInternalBuffer(const char*, size_t)	24	static
SimpleString.cpp:258:6:void SimpleString::setInternalBufferToNewBuffer(size_t)	16	static
SimpleString.cpp:267:6:void SimpleString::setInternalBufferTo(char*, size_t)	24	static
SimpleString.cpp:275:6:void SimpleString::copyBufferToNewInternalBuffer(const SimpleString&)	24	static
SimpleString.cpp:280:6:void SimpleString::copyBufferToNewInternalBuffer(const char*)	16	static
SimpleString.cpp:285:13:const char* SimpleString::getBuffer() const	16	static
SimpleString.cpp:290:1:SimpleString::SimpleString(const char*)	16	static
SimpleString.cpp:299:1:SimpleString::SimpleString(const char*, size_t)	40	static
SimpleString.cpp:313:1:SimpleString::SimpleString(const SimpleString&)	16	static
SimpleString.cpp:319:15:SimpleString& SimpleString::operator=(const SimpleString&)	16	static
SimpleString.cpp:326:6:bool SimpleString::contains(const SimpleString&) const	24	static
SimpleString.cpp:331:6:bool SimpleString::containsNoCase(const SimpleString&) const	40	static
SimpleString.cpp:336:6:bool SimpleString::startsWith(const SimpleString&) const	24	static
SimpleString.cpp:343:6:bool SimpleString::endsWith(const SimpleString&) const	32	static
SimpleString.cpp:355:8:size_t SimpleString::count(const SimpleString&) const	24	static
SimpleString.cpp:366:6:void SimpleString::split(const SimpleString&, SimpleStringCollection&) const	80	static
SimpleString.cpp:384:6:void SimpleString::replace(char, char)	24	static
SimpleString.cpp:392:6:void SimpleString::replace(const char*, const char*)	64	static
SimpleString.cpp:425:14:SimpleString SimpleString::printable() const	48	static
SimpleString.cpp:468:8:size_t SimpleString::getPrintableSize() const	32	static
SimpleString.cpp:489:14:SimpleString SimpleString::lowerCase() const	32	static
SimpleString.cpp:500:13:const char* SimpleString::asCharString() const	16	static
SimpleString.cpp:505:8:size_t SimpleString::size() const	16	static
SimpleString.cpp:510:6:bool SimpleString::isEmpty() const	16	static
SimpleString.cpp:515:1:SimpleString::~SimpleString()	16	static
SimpleString.cpp:520:6:bool operator==(const SimpleString&, const SimpleString&)	24	static
SimpleString.cpp:525:6:bool SimpleString::equalsNoCase(const SimpleString&) const	40	static
SimpleString.cpp:531:6:bool operator!=(const SimpleString&, const SimpleString&)	16	static
SimpleString.cpp:536:14:SimpleString SimpleString::operator+(const SimpleString&) const	24	static
SimpleString.cpp:543:15:SimpleString& SimpleString::operator+=(const SimpleString&)	16	static
SimpleString.cpp:548:15:SimpleString& SimpleString::operator+=(const char*)	32	static
SimpleString.cpp:560:6:static void SimpleString::padStringsToSameLength(SimpleString&, SimpleString&, char)	56	static
SimpleString.cpp:573:14:SimpleString SimpleString::subString(size_t, size_t) const	32	static
SimpleString.cpp:585:14:SimpleString SimpleString::subString(size_t) const	24	static
SimpleString.cpp:590:6:char SimpleString::at(size_t) const	16	static
SimpleString.cpp:595:8:size_t SimpleString::find(char) const	16	static
SimpleString.cpp:600:8:size_t SimpleString::findFrom(size_t, char) const	32	static
SimpleString.cpp:608:14:SimpleString SimpleString::subStringFromTill(char, char) const	32	static
SimpleString.cpp:619:7:static char* SimpleString::copyToNewBuffer(const char*, size_t)	24	static
SimpleString.cpp:628:6:void SimpleString::copyToBuffer(char*, size_t) const	40	static
SimpleString.cpp:638:6:static bool SimpleString::isDigit(char)	16	static
SimpleString.cpp:643:6:static bool SimpleString::isSpace(char)	16	static
SimpleString.cpp:648:6:static bool SimpleString::isUpper(char)	16	static
SimpleString.cpp:653:6:static bool SimpleString::isControl(char)	16	static
SimpleString.cpp:658:6:static bool SimpleString::isControlWithShortEscapeSequence(char)	16	static
SimpleString.cpp:663:14:SimpleString StringFrom(bool)	16	static
SimpleString.cpp:668:14:SimpleString StringFrom(const char*)	16	static
SimpleString.cpp:673:14:SimpleString StringFromOrNull(const char*)	16	static
SimpleString.cpp:678:14:SimpleString PrintableStringFromOrNull(const char*)	32	static
SimpleString.cpp:683:14:SimpleString StringFrom(int)	16	static
SimpleString.cpp:688:14:SimpleString StringFrom(long int)	16	static
SimpleString.cpp:693:14:SimpleString StringFrom(const void*)	32	static
SimpleString.cpp:698:14:SimpleString StringFrom(void (*)())	32	static
SimpleString.cpp:703:14:SimpleString HexStringFrom(long int)	16	static
SimpleString.cpp:708:14:SimpleString HexStringFrom(int)	16	static
SimpleString.cpp:713:14:SimpleString HexStringFrom(signed char)	32	static
SimpleString.cpp:723:14:SimpleString HexStringFrom(long unsigned int)	16	static
SimpleString.cpp:728:14:SimpleString HexStringFrom(unsigned int)	16	static
SimpleString.cpp:733:14:SimpleString BracketsFormattedHexStringFrom(int)	24	static
SimpleString.cpp:738:14:SimpleString BracketsFormattedHexStringFrom(unsigned int)	24	static
SimpleString.cpp:743:14:SimpleString BracketsFormattedHexStringFrom(long int)	24	static
SimpleString.cpp:749:14:SimpleString BracketsFormattedHexStringFrom(long unsigned int)	24	static
SimpleString.cpp:754:14:SimpleString BracketsFormattedHexStringFrom(signed char)	24	static
SimpleString.cpp:759:14:SimpleString BracketsFormattedHexString(SimpleString)	40	static
SimpleString.cpp:821:13:long int convertPointerToLongValue(const void*)	24	static
SimpleString.cpp:832:13:long int convertFunctionPointerToLongValue(void (*)())	24	static
SimpleString.cpp:843:14:SimpleString StringFrom(cpputest_longlong)	24	static
SimpleString.cpp:848:14:SimpleString StringFrom(cpputest_ulonglong)	24	static
SimpleString.cpp:853:14:SimpleString HexStringFrom(cpputest_longlong)	24	static
SimpleString.cpp:858:14:SimpleString HexStringFrom(cpputest_ulonglong)	24	static
SimpleString.cpp:863:14:SimpleString HexStringFrom(const void*)	16	static
SimpleString.cpp:868:14:SimpleString HexStringFrom(void (*)())	16	static
SimpleString.cpp:873:14:SimpleString BracketsFormattedHexStringFrom(cpputest_longlong)	24	static
SimpleString.cpp:879:14:SimpleString BracketsFormattedHexStringFrom(cpputest_ulonglong)	24	static
SimpleString.cpp:886:14:SimpleString StringFrom(double, int)	40	static
SimpleString.cpp:896:14:SimpleString StringFrom(char)	16	static
SimpleString.cpp:901:14:SimpleString StringFrom(const SimpleString&)	16	static
SimpleString.cpp:906:14:)	36	static
SimpleString.cpp:917:14:SimpleString StringFrom(unsigned int)	16	static
SimpleString.cpp:926:14:SimpleString StringFrom(const string&)	16	static
SimpleString.cpp:933:14:SimpleString StringFrom(long unsigned int)	16	static
SimpleString.cpp:938:14:SimpleString VStringFromFormat(const char*, va_list)	168	static
SimpleString.cpp:965:14:SimpleString StringFromBinary(const unsigned char*, size_t)	48	static
SimpleString.cpp:977:14:SimpleString StringFromBinaryOrNull(const unsigned char*, size_t)	24	static
SimpleString.cpp:982:14:SimpleString StringFromBinaryWithSize(const unsigned char*, size_t)	40	static
SimpleString.cpp:994:14:SimpleString StringFromBinaryWithSizeOrNull(const unsigned char*, size_t)	24	static
SimpleString.cpp:999:14:SimpleString StringFromMaskedBits(long unsigned int, long unsigned int, size_t)	40	static
SimpleString.cpp:1024:14:SimpleString StringFromOrdinalNumber(unsigned int)	24	static
SimpleString.cpp:1044:1:SimpleStringCollection::SimpleStringCollection()	16	static
SimpleString.cpp:1050:6:void SimpleStringCollection::allocate(size_t)	40	static
SimpleString.cpp:1058:1:SimpleStringCollection::~SimpleStringCollection()	24	static
SimpleString.cpp:1063:8:size_t SimpleStringCollection::size() const	16	static
SimpleString.cpp:1068:15:SimpleString& SimpleStringCollection::operator[](size_t)	32	static
