gthr-default.h:229:1:int __gthread_key_delete(__gthread_key_t)	16	static
TestRegistry.cpp:32:1:TestRegistry::TestRegistry()	16	static
TestRegistry.cpp:37:1:TestRegistry::~TestRegistry()	16	static
TestRegistry.cpp:37:1:virtual TestRegistry::~TestRegistry()	16	static
TestRegistry.cpp:41:6:virtual void TestRegistry::addTest(UtestShell*)	16	static
TestRegistry.cpp:46:6:virtual void TestRegistry::runAllTests(TestResult&)	24	static
TestRegistry.cpp:76:6:virtual void TestRegistry::listTestGroupNames(TestResult&)	72	static
TestRegistry.cpp:99:6:virtual void TestRegistry::listTestGroupAndCaseNames(TestResult&)	80	static
TestRegistry.cpp:126:6:bool TestRegistry::endOfGroup(UtestShell*)	48	static
TestRegistry.cpp:131:8:virtual size_t TestRegistry::countTests()	16	static
TestRegistry.cpp:140:25:void __tcf_0()	8	static
TestRegistry.cpp:138:15:static TestRegistry* TestRegistry::getCurrentRegistry()	16	static
TestRegistry.cpp:144:6:virtual void TestRegistry::setCurrentRegistry(TestRegistry*)	16	static
TestRegistry.cpp:149:6:virtual void TestRegistry::unDoLastAddTest()	16	static
TestRegistry.cpp:155:6:virtual void TestRegistry::setNameFilters(const TestFilter*)	16	static
TestRegistry.cpp:160:6:virtual void TestRegistry::setGroupFilters(const TestFilter*)	16	static
TestRegistry.cpp:165:6:void TestRegistry::setRunIgnored()	16	static
TestRegistry.cpp:170:6:virtual void TestRegistry::setRunTestsInSeperateProcess()	16	static
TestRegistry.cpp:175:5:int TestRegistry::getCurrentRepetition()	16	static
TestRegistry.cpp:180:6:bool TestRegistry::testShouldRun(UtestShell*, TestResult&)	24	static
TestRegistry.cpp:189:6:virtual void TestRegistry::resetPlugins()	16	static
TestRegistry.cpp:194:6:virtual void TestRegistry::installPlugin(TestPlugin*)	16	static
TestRegistry.cpp:199:13:virtual TestPlugin* TestRegistry::getFirstPlugin()	16	static
TestRegistry.cpp:204:13:virtual TestPlugin* TestRegistry::getPluginByName(const SimpleString&)	16	static
TestRegistry.cpp:209:6:virtual void TestRegistry::removePluginByName(const SimpleString&)	16	static
TestRegistry.cpp:216:5:virtual int TestRegistry::countPlugins()	24	static
TestRegistry.cpp:225:13:virtual UtestShell* TestRegistry::getFirstTest()	16	static
TestRegistry.cpp:230:6:virtual void TestRegistry::shuffleTests(size_t)	24	static
TestRegistry.cpp:237:6:virtual void TestRegistry::reverseTests()	24	static
TestRegistry.cpp:244:13:virtual UtestShell* TestRegistry::getTestWithNext(UtestShell*)	24	static
TestRegistry.cpp:252:13:virtual UtestShell* TestRegistry::findTestWithName(const SimpleString&)	40	static
TestRegistry.cpp:263:13:virtual UtestShell* TestRegistry::findTestWithGroup(const SimpleString&)	40	static
