gthr-default.h:229:1:int __gthread_key_delete(__gthread_key_t)	16	static
Utest.h:246:12:virtual Utest* ExecFunctionTestShell::createTest()	24	static
TestOutput.h:117:14:ConsoleTestOutput::ConsoleTestOutput()	16	static
TestOutput.h:120:13:ConsoleTestOutput::~ConsoleTestOutput()	16	static
TestOutput.h:120:13:virtual ConsoleTestOutput::~ConsoleTestOutput()	16	static
Utest.cpp:33:6:bool doubles_equal(double, double, double)	40	static
Utest.cpp:54:25:virtual TestResult& OutsideTestRunnerUTest::getTestResult()	16	static
Utest.cpp:58:13:OutsideTestRunnerUTest::~OutsideTestRunnerUTest()	16	static
Utest.cpp:58:13:virtual OutsideTestRunnerUTest::~OutsideTestRunnerUTest()	16	static
Utest.cpp:62:5:OutsideTestRunnerUTest::OutsideTestRunnerUTest()	24	static
Utest.cpp:73:35:void __tcf_0()	8	static
Utest.cpp:71:25:static OutsideTestRunnerUTest& OutsideTestRunnerUTest::instance()	16	static
Utest.cpp:85:17:void helperDoTestSetup(void*)	16	static
Utest.cpp:90:17:void helperDoTestBody(void*)	16	static
Utest.cpp:95:17:void helperDoTestTeardown(void*)	16	static
Utest.cpp:102:9:HelperTestRunInfo::HelperTestRunInfo(UtestShell*, TestPlugin*, TestResult*)	24	static
Utest.cpp:109:17:void helperDoRunOneTestInCurrentProcess(void*)	32	static
Utest.cpp:120:17:void helperDoRunOneTestSeperateProcess(void*)	32	static
Utest.cpp:141:1:UtestShell::UtestShell()	16	static
Utest.cpp:146:1:UtestShell::UtestShell(const char*, const char*, const char*, size_t)	24	static
Utest.cpp:151:1:UtestShell::UtestShell(const char*, const char*, const char*, size_t, UtestShell*)	24	static
Utest.cpp:156:1:UtestShell::~UtestShell()	16	static
Utest.cpp:156:1:virtual UtestShell::~UtestShell()	16	static
Utest.cpp:161:13:void defaultCrashMethod()	16	static
Utest.cpp:169:6:static void UtestShell::setCrashMethod(void (*)())	16	static
Utest.cpp:174:6:static void UtestShell::resetCrashMethod()	4	static
Utest.cpp:179:6:static void UtestShell::crash()	8	static
Utest.cpp:184:6:virtual void UtestShell::runOneTest(TestPlugin*, TestResult&)	40	static
Utest.cpp:195:8:virtual Utest* UtestShell::createTest()	24	static
Utest.cpp:200:6:virtual void UtestShell::destroyTest(Utest*)	16	static
Utest.cpp:205:6:virtual void UtestShell::runOneTestInCurrentProcess(TestPlugin*, TestResult&)	40	static
Utest.cpp:238:13:virtual UtestShell* UtestShell::getNext() const	16	static
Utest.cpp:243:13:virtual UtestShell* UtestShell::addTest(UtestShell*)	16	static
Utest.cpp:249:8:virtual size_t UtestShell::countTests()	16	static
Utest.cpp:254:14:virtual SimpleString UtestShell::getMacroName() const	16	static
Utest.cpp:259:20:const SimpleString UtestShell::getName() const	16	static
Utest.cpp:264:20:const SimpleString UtestShell::getGroup() const	16	static
Utest.cpp:269:14:virtual SimpleString UtestShell::getFormattedName() const	16	static
Utest.cpp:281:6:virtual bool UtestShell::hasFailed() const	16	static
Utest.cpp:286:6:void UtestShell::countCheck()	16	static
Utest.cpp:291:6:virtual bool UtestShell::willRun() const	16	static
Utest.cpp:296:6:virtual bool UtestShell::isRunInSeperateProcess() const	16	static
Utest.cpp:301:6:virtual void UtestShell::setRunInSeperateProcess()	16	static
Utest.cpp:307:6:virtual void UtestShell::setRunIgnored()	16	static
Utest.cpp:312:6:void UtestShell::setFileName(const char*)	16	static
Utest.cpp:317:6:void UtestShell::setLineNumber(size_t)	16	static
Utest.cpp:322:6:void UtestShell::setGroupName(const char*)	16	static
Utest.cpp:327:6:void UtestShell::setTestName(const char*)	16	static
Utest.cpp:332:20:const SimpleString UtestShell::getFile() const	16	static
Utest.cpp:337:8:size_t UtestShell::getLineNumber() const	16	static
Utest.cpp:342:6:bool UtestShell::match(const char*, const TestFilter*) const	40	static
Utest.cpp:352:6:bool UtestShell::shouldRun(const TestFilter*, const TestFilter*) const	24	static
Utest.cpp:357:6:virtual void UtestShell::failWith(const TestFailure&)	24	static
Utest.cpp:362:6:virtual void UtestShell::failWith(const TestFailure&, const TestTerminator&)	24	static
Utest.cpp:369:6:virtual void UtestShell::exitTest(const TestTerminator&)	16	static
Utest.cpp:374:6:virtual void UtestShell::assertTrue(bool, const char*, const char*, const char*, const char*, size_t, const TestTerminator&)	128	static
Utest.cpp:381:6:virtual void UtestShell::fail(const char*, const char*, size_t, const TestTerminator&)	104	static
Utest.cpp:387:6:virtual void UtestShell::assertCstrEqual(const char*, const char*, const char*, const char*, size_t, const TestTerminator&)	168	static
Utest.cpp:397:6:virtual void UtestShell::assertCstrNEqual(const char*, const char*, size_t, const char*, const char*, size_t, const TestTerminator&)	168	static
Utest.cpp:407:6:virtual void UtestShell::assertCstrNoCaseEqual(const char*, const char*, const char*, const char*, size_t)	184	static
Utest.cpp:417:6:virtual void UtestShell::assertCstrContains(const char*, const char*, const char*, const char*, size_t)	216	static
Utest.cpp:427:6:virtual void UtestShell::assertCstrNoCaseContains(const char*, const char*, const char*, const char*, size_t)	216	static
Utest.cpp:437:6:virtual void UtestShell::assertLongsEqual(long int, long int, const char*, const char*, size_t, const TestTerminator&)	112	static
Utest.cpp:444:6:virtual void UtestShell::assertUnsignedLongsEqual(long unsigned int, long unsigned int, const char*, const char*, size_t, const TestTerminator&)	112	static
Utest.cpp:451:6:virtual void UtestShell::assertLongLongsEqual(cpputest_longlong, cpputest_longlong, const char*, const char*, size_t, const TestTerminator&)	112	static
Utest.cpp:464:6:virtual void UtestShell::assertUnsignedLongLongsEqual(cpputest_ulonglong, cpputest_ulonglong, const char*, const char*, size_t, const TestTerminator&)	112	static
Utest.cpp:477:6:virtual void UtestShell::assertSignedBytesEqual(signed char, signed char, const char*, const char*, size_t, const TestTerminator&)	112	static
Utest.cpp:484:6:virtual void UtestShell::assertPointersEqual(const void*, const void*, const char*, const char*, size_t, const TestTerminator&)	128	static
Utest.cpp:491:6:virtual void UtestShell::assertFunctionPointersEqual(void (*)(), void (*)(), const char*, const char*, size_t, const TestTerminator&)	128	static
Utest.cpp:498:6:virtual void UtestShell::assertDoublesEqual(double, double, double, const char*, const char*, size_t, const TestTerminator&)	128	static
Utest.cpp:505:6:virtual void UtestShell::assertBinaryEqual(const void*, const void*, size_t, const char*, const char*, size_t, const TestTerminator&)	168	static
Utest.cpp:516:6:virtual void UtestShell::assertBitsEqual(long unsigned int, long unsigned int, long unsigned int, size_t, const char*, const char*, size_t, const TestTerminator&)	120	static
Utest.cpp:523:6:virtual void UtestShell::assertEquals(bool, const char*, const char*, const char*, const char*, size_t, const TestTerminator&)	128	static
Utest.cpp:530:6:virtual void UtestShell::assertCompare(bool, const char*, const char*, const char*, const char*, size_t, const TestTerminator&)	128	static
Utest.cpp:537:6:virtual void UtestShell::print(const char*, const char*, size_t)	48	static
Utest.cpp:548:6:virtual void UtestShell::print(const SimpleString&, const char*, size_t)	32	static
Utest.cpp:553:6:virtual void UtestShell::printVeryVerbose(const char*)	16	static
Utest.cpp:561:6:void UtestShell::setTestResult(TestResult*)	16	static
Utest.cpp:566:6:void UtestShell::setCurrentTest(UtestShell*)	16	static
Utest.cpp:571:13:TestResult* UtestShell::getTestResult()	16	static
Utest.cpp:578:13:static UtestShell* UtestShell::getCurrent()	8	static
Utest.cpp:585:23:static const TestTerminator& UtestShell::getCurrentTestTerminator()	4	static
Utest.cpp:590:6:static void UtestShell::setCrashOnFail()	4	static
Utest.cpp:595:6:static void UtestShell::restoreDefaultTestTerminator()	4	static
Utest.cpp:600:1:ExecFunctionTestShell::~ExecFunctionTestShell()	16	static
Utest.cpp:600:1:virtual ExecFunctionTestShell::~ExecFunctionTestShell()	16	static
Utest.cpp:606:1:Utest::Utest()	16	static
Utest.cpp:610:1:Utest::~Utest()	16	static
Utest.cpp:610:1:virtual Utest::~Utest()	16	static
Utest.cpp:616:6:virtual void Utest::run()	32	static
Utest.cpp:659:6:virtual void Utest::setup()	16	static
Utest.cpp:663:6:virtual void Utest::testBody()	16	static
Utest.cpp:667:6:virtual void Utest::teardown()	16	static
Utest.cpp:674:1:TestTerminator::~TestTerminator()	16	static
Utest.cpp:674:1:virtual TestTerminator::~TestTerminator()	16	static
Utest.cpp:678:6:virtual void NormalTestTerminator::exitCurrentTest() const	16	static
Utest.cpp:687:1:NormalTestTerminator::~NormalTestTerminator()	16	static
Utest.cpp:687:1:virtual NormalTestTerminator::~NormalTestTerminator()	16	static
Utest.cpp:691:6:virtual void TestTerminatorWithoutExceptions::exitCurrentTest() const	16	static
Utest.cpp:696:1:TestTerminatorWithoutExceptions::~TestTerminatorWithoutExceptions()	16	static
Utest.cpp:696:1:virtual TestTerminatorWithoutExceptions::~TestTerminatorWithoutExceptions()	16	static
Utest.cpp:700:6:virtual void CrashingTestTerminator::exitCurrentTest() const	16	static
Utest.cpp:706:1:CrashingTestTerminator::~CrashingTestTerminator()	16	static
Utest.cpp:706:1:virtual CrashingTestTerminator::~CrashingTestTerminator()	16	static
Utest.cpp:712:1:ExecFunction::ExecFunction()	16	static
Utest.cpp:716:1:ExecFunction::~ExecFunction()	16	static
Utest.cpp:716:1:virtual ExecFunction::~ExecFunction()	16	static
Utest.cpp:720:1:ExecFunctionWithoutParameters::ExecFunctionWithoutParameters(void (*)())	16	static
Utest.cpp:725:1:ExecFunctionWithoutParameters::~ExecFunctionWithoutParameters()	16	static
Utest.cpp:725:1:virtual ExecFunctionWithoutParameters::~ExecFunctionWithoutParameters()	16	static
Utest.cpp:729:6:virtual void ExecFunctionWithoutParameters::exec()	16	static
Utest.cpp:737:1:ExecFunctionTest::ExecFunctionTest(ExecFunctionTestShell*)	16	static
Utest.cpp:742:6:virtual void ExecFunctionTest::testBody()	16	static
Utest.cpp:747:6:virtual void ExecFunctionTest::setup()	16	static
Utest.cpp:752:6:virtual void ExecFunctionTest::teardown()	16	static
Utest.cpp:758:1:IgnoredUtestShell::IgnoredUtestShell()	16	static
Utest.cpp:762:1:IgnoredUtestShell::IgnoredUtestShell(const char*, const char*, const char*, size_t)	32	static
Utest.cpp:767:1:IgnoredUtestShell::~IgnoredUtestShell()	16	static
Utest.cpp:767:1:virtual IgnoredUtestShell::~IgnoredUtestShell()	16	static
Utest.cpp:771:6:virtual bool IgnoredUtestShell::willRun() const	16	static
Utest.cpp:778:14:virtual SimpleString IgnoredUtestShell::getMacroName() const	16	static
Utest.cpp:785:6:virtual void IgnoredUtestShell::runOneTest(TestPlugin*, TestResult&)	24	static
Utest.cpp:796:6:virtual void IgnoredUtestShell::setRunIgnored()	16	static
Utest.cpp:803:1:UtestShellPointerArray::UtestShellPointerArray(UtestShell*)	24	static
Utest.cpp:819:1:UtestShellPointerArray::~UtestShellPointerArray()	16	static
Utest.cpp:824:6:void UtestShellPointerArray::swap(size_t, size_t)	32	static
Utest.cpp:832:6:void UtestShellPointerArray::shuffle(size_t)	24	static
Utest.cpp:848:6:void UtestShellPointerArray::reverse()	32	static
Utest.cpp:861:6:void UtestShellPointerArray::relinkTestsInOrder()	24	static
Utest.cpp:868:13:UtestShell* UtestShellPointerArray::getFirstTest() const	16	static
Utest.cpp:873:13:UtestShell* UtestShellPointerArray::get(size_t) const	16	static
Utest.cpp:883:1:TestInstaller::TestInstaller(UtestShell&, const char*, const char*, const char*, size_t)	24	static
Utest.cpp:892:1:TestInstaller::~TestInstaller()	16	static
Utest.cpp:892:1:virtual TestInstaller::~TestInstaller()	16	static
Utest.cpp:896:6:void TestInstaller::unDo()	16	static
Utest.h:199:7:ExecFunctionTest::~ExecFunctionTest()	16	static
Utest.h:199:7:virtual ExecFunctionTest::~ExecFunctionTest()	16	static
Utest.cpp:899:1:void __static_initialization_and_destruction_0(int, int)	16	static
TestFailure.h:113:7:CheckFailure::~CheckFailure()	16	static
TestFailure.h:113:7:virtual CheckFailure::~CheckFailure()	16	static
TestFailure.h:119:7:FailFailure::~FailFailure()	16	static
TestFailure.h:119:7:virtual FailFailure::~FailFailure()	16	static
TestFailure.h:155:7:StringEqualFailure::~StringEqualFailure()	16	static
TestFailure.h:155:7:virtual StringEqualFailure::~StringEqualFailure()	16	static
TestFailure.h:161:7:StringEqualNoCaseFailure::~StringEqualNoCaseFailure()	16	static
TestFailure.h:161:7:virtual StringEqualNoCaseFailure::~StringEqualNoCaseFailure()	16	static
TestFailure.h:107:7:ContainsFailure::~ContainsFailure()	16	static
TestFailure.h:107:7:virtual ContainsFailure::~ContainsFailure()	16	static
TestFailure.h:125:7:LongsEqualFailure::~LongsEqualFailure()	16	static
TestFailure.h:125:7:virtual LongsEqualFailure::~LongsEqualFailure()	16	static
TestFailure.h:131:7:UnsignedLongsEqualFailure::~UnsignedLongsEqualFailure()	16	static
TestFailure.h:131:7:virtual UnsignedLongsEqualFailure::~UnsignedLongsEqualFailure()	16	static
TestFailure.h:179:7:FeatureUnsupportedFailure::~FeatureUnsupportedFailure()	16	static
TestFailure.h:179:7:virtual FeatureUnsupportedFailure::~FeatureUnsupportedFailure()	16	static
TestFailure.h:149:7:SignedBytesEqualFailure::~SignedBytesEqualFailure()	16	static
TestFailure.h:149:7:virtual SignedBytesEqualFailure::~SignedBytesEqualFailure()	16	static
TestFailure.h:82:7:EqualsFailure::~EqualsFailure()	16	static
TestFailure.h:82:7:virtual EqualsFailure::~EqualsFailure()	16	static
TestFailure.h:89:7:DoublesEqualFailure::~DoublesEqualFailure()	16	static
TestFailure.h:89:7:virtual DoublesEqualFailure::~DoublesEqualFailure()	16	static
TestFailure.h:167:7:BinaryEqualFailure::~BinaryEqualFailure()	16	static
TestFailure.h:167:7:virtual BinaryEqualFailure::~BinaryEqualFailure()	16	static
TestFailure.h:173:7:BitsEqualFailure::~BitsEqualFailure()	16	static
TestFailure.h:173:7:virtual BitsEqualFailure::~BitsEqualFailure()	16	static
TestFailure.h:95:7:CheckEqualFailure::~CheckEqualFailure()	16	static
TestFailure.h:95:7:virtual CheckEqualFailure::~CheckEqualFailure()	16	static
TestFailure.h:101:7:ComparisonFailure::~ComparisonFailure()	16	static
TestFailure.h:101:7:virtual ComparisonFailure::~ComparisonFailure()	16	static
Utest.cpp:899:1:cpp)	8	static
Utest.cpp:899:1:cpp)	8	static
