gthr-default.h:229:1:int __gthread_key_delete(__gthread_key_t)	16	static
cmath:599:3:constexpr bool std::isinf(double)	32	static
cmath:626:3:constexpr bool std::isnan(double)	16	static
UtestPlatform.cpp:66:13:void GccPlatformSpecificRunTestInASeperateProcess(UtestShell*, TestPlugin*, TestResult*)	96	static
UtestPlatform.cpp:71:12:int PlatformSpecificForkImplementation()	4	static
UtestPlatform.cpp:76:12:int PlatformSpecificWaitPidImplementation(int, int*, int)	24	static
UtestPlatform.cpp:151:32:TestOutput::WorkingEnvironment PlatformSpecificGetWorkingEnvironment()	4	static
UtestPlatform.cpp:163:12:int PlatformSpecificSetJmpImplementation(void (*)(void*), void*)	16	static
UtestPlatform.cpp:183:13:void PlatformSpecificLongJmpImplementation()	8	static
UtestPlatform.cpp:189:13:void PlatformSpecificRestoreJumpBufferImplementation()	4	static
UtestPlatform.cpp:200:13:long int TimeInMillisImplementation()	4	static
UtestPlatform.cpp:212:20:const char* TimeStringImplementation()	32	static
UtestPlatform.cpp:240:29:void* PlatformSpecificFOpenImplementation(const char*, const char*)	16	static
UtestPlatform.cpp:251:13:void PlatformSpecificFPutsImplementation(const char*, PlatformSpecificFile)	16	static
UtestPlatform.cpp:256:13:void PlatformSpecificFCloseImplementation(PlatformSpecificFile)	16	static
UtestPlatform.cpp:261:13:void PlatformSpecificFlushImplementation()	8	static
UtestPlatform.cpp:286:12:int IsNanImplementation(double)	16	static
UtestPlatform.cpp:291:12:int IsInfImplementation(double)	16	static
UtestPlatform.cpp:303:30:void* PThreadMutexCreate()	4	static
UtestPlatform.cpp:322:13:void PThreadMutexLock(PlatformSpecificMutex)	16	static
UtestPlatform.cpp:333:13:void PThreadMutexUnlock(PlatformSpecificMutex)	16	static
UtestPlatform.cpp:346:13:void PThreadMutexDestroy(PlatformSpecificMutex)	16	static
