20:54:57 **** Build of configuration Debug for project G474RE_Main ****
make -j4 all 
arm-none-eabi-gcc "../Drivers/STM32G4xx_HAL_Driver/Src/stm32g4xx_hal.c" -mcpu=cortex-m4 -std=gnu11 -g3 -DUSE_HAL_DRIVER -DSTM32G474xx -DDEBUG -c -I../Core/Inc -I../Drivers/STM32G4xx_HAL_Driver/Inc -I../Drivers/STM32G4xx_HAL_Driver/Inc/Legacy -I../Drivers/CMSIS/Device/ST/STM32G4xx/Include -I../Drivers/CMSIS/Include -I"/home/chris/DSP_GuitarPedal/G474RE_Main/CppUTests" -I"/home/chris/DSP_GuitarPedal/G474RE_Main/Application" -I"/home/chris/DSP_GuitarPedal/G474_RTT/RTT" -O0 -ffunction-sections -fdata-sections -Wall -fstack-usage -MMD -MP -MF"Drivers/STM32G4xx_HAL_Driver/Src/stm32g4xx_hal.d" -MT"Drivers/STM32G4xx_HAL_Driver/Src/stm32g4xx_hal.o" --specs=nano.specs -mfpu=fpv4-sp-d16 -mfloat-abi=hard -mthumb -o "Drivers/STM32G4xx_HAL_Driver/Src/stm32g4xx_hal.o"
arm-none-eabi-gcc "../Drivers/STM32G4xx_HAL_Driver/Src/stm32g4xx_hal_cortex.c" -mcpu=cortex-m4 -std=gnu11 -g3 -DUSE_HAL_DRIVER -DSTM32G474xx -DDEBUG -c -I../Core/Inc -I../Drivers/STM32G4xx_HAL_Driver/Inc -I../Drivers/STM32G4xx_HAL_Driver/Inc/Legacy -I../Drivers/CMSIS/Device/ST/STM32G4xx/Include -I../Drivers/CMSIS/Include -I"/home/chris/DSP_GuitarPedal/G474RE_Main/CppUTests" -I"/home/chris/DSP_GuitarPedal/G474RE_Main/Application" -I"/home/chris/DSP_GuitarPedal/G474_RTT/RTT" -O0 -ffunction-sections -fdata-sections -Wall -fstack-usage -MMD -MP -MF"Drivers/STM32G4xx_HAL_Driver/Src/stm32g4xx_hal_cortex.d" -MT"Drivers/STM32G4xx_HAL_Driver/Src/stm32g4xx_hal_cortex.o" --specs=nano.specs -mfpu=fpv4-sp-d16 -mfloat-abi=hard -mthumb -o "Drivers/STM32G4xx_HAL_Driver/Src/stm32g4xx_hal_cortex.o"
arm-none-eabi-gcc "../Drivers/STM32G4xx_HAL_Driver/Src/stm32g4xx_hal_dac.c" -mcpu=cortex-m4 -std=gnu11 -g3 -DUSE_HAL_DRIVER -DSTM32G474xx -DDEBUG -c -I../Core/Inc -I../Drivers/STM32G4xx_HAL_Driver/Inc -I../Drivers/STM32G4xx_HAL_Driver/Inc/Legacy -I../Drivers/CMSIS/Device/ST/STM32G4xx/Include -I../Drivers/CMSIS/Include -I"/home/chris/DSP_GuitarPedal/G474RE_Main/CppUTests" -I"/home/chris/DSP_GuitarPedal/G474RE_Main/Application" -I"/home/chris/DSP_GuitarPedal/G474_RTT/RTT" -O0 -ffunction-sections -fdata-sections -Wall -fstack-usage -MMD -MP -MF"Drivers/STM32G4xx_HAL_Driver/Src/stm32g4xx_hal_dac.d" -MT"Drivers/STM32G4xx_HAL_Driver/Src/stm32g4xx_hal_dac.o" --specs=nano.specs -mfpu=fpv4-sp-d16 -mfloat-abi=hard -mthumb -o "Drivers/STM32G4xx_HAL_Driver/Src/stm32g4xx_hal_dac.o"
arm-none-eabi-gcc "../Drivers/STM32G4xx_HAL_Driver/Src/stm32g4xx_hal_dac_ex.c" -mcpu=cortex-m4 -std=gnu11 -g3 -DUSE_HAL_DRIVER -DSTM32G474xx -DDEBUG -c -I../Core/Inc -I../Drivers/STM32G4xx_HAL_Driver/Inc -I../Drivers/STM32G4xx_HAL_Driver/Inc/Legacy -I../Drivers/CMSIS/Device/ST/STM32G4xx/Include -I../Drivers/CMSIS/Include -I"/home/chris/DSP_GuitarPedal/G474RE_Main/CppUTests" -I"/home/chris/DSP_GuitarPedal/G474RE_Main/Application" -I"/home/chris/DSP_GuitarPedal/G474_RTT/RTT" -O0 -ffunction-sections -fdata-sections -Wall -fstack-usage -MMD -MP -MF"Drivers/STM32G4xx_HAL_Driver/Src/stm32g4xx_hal_dac_ex.d" -MT"Drivers/STM32G4xx_HAL_Driver/Src/stm32g4xx_hal_dac_ex.o" --specs=nano.specs -mfpu=fpv4-sp-d16 -mfloat-abi=hard -mthumb -o "Drivers/STM32G4xx_HAL_Driver/Src/stm32g4xx_hal_dac_ex.o"
arm-none-eabi-gcc "../Drivers/STM32G4xx_HAL_Driver/Src/stm32g4xx_hal_dma.c" -mcpu=cortex-m4 -std=gnu11 -g3 -DUSE_HAL_DRIVER -DSTM32G474xx -DDEBUG -c -I../Core/Inc -I../Drivers/STM32G4xx_HAL_Driver/Inc -I../Drivers/STM32G4xx_HAL_Driver/Inc/Legacy -I../Drivers/CMSIS/Device/ST/STM32G4xx/Include -I../Drivers/CMSIS/Include -I"/home/chris/DSP_GuitarPedal/G474RE_Main/CppUTests" -I"/home/chris/DSP_GuitarPedal/G474RE_Main/Application" -I"/home/chris/DSP_GuitarPedal/G474_RTT/RTT" -O0 -ffunction-sections -fdata-sections -Wall -fstack-usage -MMD -MP -MF"Drivers/STM32G4xx_HAL_Driver/Src/stm32g4xx_hal_dma.d" -MT"Drivers/STM32G4xx_HAL_Driver/Src/stm32g4xx_hal_dma.o" --specs=nano.specs -mfpu=fpv4-sp-d16 -mfloat-abi=hard -mthumb -o "Drivers/STM32G4xx_HAL_Driver/Src/stm32g4xx_hal_dma.o"
arm-none-eabi-gcc "../Drivers/STM32G4xx_HAL_Driver/Src/stm32g4xx_hal_dma_ex.c" -mcpu=cortex-m4 -std=gnu11 -g3 -DUSE_HAL_DRIVER -DSTM32G474xx -DDEBUG -c -I../Core/Inc -I../Drivers/STM32G4xx_HAL_Driver/Inc -I../Drivers/STM32G4xx_HAL_Driver/Inc/Legacy -I../Drivers/CMSIS/Device/ST/STM32G4xx/Include -I../Drivers/CMSIS/Include -I"/home/chris/DSP_GuitarPedal/G474RE_Main/CppUTests" -I"/home/chris/DSP_GuitarPedal/G474RE_Main/Application" -I"/home/chris/DSP_GuitarPedal/G474_RTT/RTT" -O0 -ffunction-sections -fdata-sections -Wall -fstack-usage -MMD -MP -MF"Drivers/STM32G4xx_HAL_Driver/Src/stm32g4xx_hal_dma_ex.d" -MT"Drivers/STM32G4xx_HAL_Driver/Src/stm32g4xx_hal_dma_ex.o" --specs=nano.specs -mfpu=fpv4-sp-d16 -mfloat-abi=hard -mthumb -o "Drivers/STM32G4xx_HAL_Driver/Src/stm32g4xx_hal_dma_ex.o"
arm-none-eabi-gcc "../Drivers/STM32G4xx_HAL_Driver/Src/stm32g4xx_hal_exti.c" -mcpu=cortex-m4 -std=gnu11 -g3 -DUSE_HAL_DRIVER -DSTM32G474xx -DDEBUG -c -I../Core/Inc -I../Drivers/STM32G4xx_HAL_Driver/Inc -I../Drivers/STM32G4xx_HAL_Driver/Inc/Legacy -I../Drivers/CMSIS/Device/ST/STM32G4xx/Include -I../Drivers/CMSIS/Include -I"/home/chris/DSP_GuitarPedal/G474RE_Main/CppUTests" -I"/home/chris/DSP_GuitarPedal/G474RE_Main/Application" -I"/home/chris/DSP_GuitarPedal/G474_RTT/RTT" -O0 -ffunction-sections -fdata-sections -Wall -fstack-usage -MMD -MP -MF"Drivers/STM32G4xx_HAL_Driver/Src/stm32g4xx_hal_exti.d" -MT"Drivers/STM32G4xx_HAL_Driver/Src/stm32g4xx_hal_exti.o" --specs=nano.specs -mfpu=fpv4-sp-d16 -mfloat-abi=hard -mthumb -o "Drivers/STM32G4xx_HAL_Driver/Src/stm32g4xx_hal_exti.o"
arm-none-eabi-gcc "../Drivers/STM32G4xx_HAL_Driver/Src/stm32g4xx_hal_flash.c" -mcpu=cortex-m4 -std=gnu11 -g3 -DUSE_HAL_DRIVER -DSTM32G474xx -DDEBUG -c -I../Core/Inc -I../Drivers/STM32G4xx_HAL_Driver/Inc -I../Drivers/STM32G4xx_HAL_Driver/Inc/Legacy -I../Drivers/CMSIS/Device/ST/STM32G4xx/Include -I../Drivers/CMSIS/Include -I"/home/chris/DSP_GuitarPedal/G474RE_Main/CppUTests" -I"/home/chris/DSP_GuitarPedal/G474RE_Main/Application" -I"/home/chris/DSP_GuitarPedal/G474_RTT/RTT" -O0 -ffunction-sections -fdata-sections -Wall -fstack-usage -MMD -MP -MF"Drivers/STM32G4xx_HAL_Driver/Src/stm32g4xx_hal_flash.d" -MT"Drivers/STM32G4xx_HAL_Driver/Src/stm32g4xx_hal_flash.o" --specs=nano.specs -mfpu=fpv4-sp-d16 -mfloat-abi=hard -mthumb -o "Drivers/STM32G4xx_HAL_Driver/Src/stm32g4xx_hal_flash.o"
arm-none-eabi-gcc "../Drivers/STM32G4xx_HAL_Driver/Src/stm32g4xx_hal_flash_ex.c" -mcpu=cortex-m4 -std=gnu11 -g3 -DUSE_HAL_DRIVER -DSTM32G474xx -DDEBUG -c -I../Core/Inc -I../Drivers/STM32G4xx_HAL_Driver/Inc -I../Drivers/STM32G4xx_HAL_Driver/Inc/Legacy -I../Drivers/CMSIS/Device/ST/STM32G4xx/Include -I../Drivers/CMSIS/Include -I"/home/chris/DSP_GuitarPedal/G474RE_Main/CppUTests" -I"/home/chris/DSP_GuitarPedal/G474RE_Main/Application" -I"/home/chris/DSP_GuitarPedal/G474_RTT/RTT" -O0 -ffunction-sections -fdata-sections -Wall -fstack-usage -MMD -MP -MF"Drivers/STM32G4xx_HAL_Driver/Src/stm32g4xx_hal_flash_ex.d" -MT"Drivers/STM32G4xx_HAL_Driver/Src/stm32g4xx_hal_flash_ex.o" --specs=nano.specs -mfpu=fpv4-sp-d16 -mfloat-abi=hard -mthumb -o "Drivers/STM32G4xx_HAL_Driver/Src/stm32g4xx_hal_flash_ex.o"
arm-none-eabi-gcc "../Drivers/STM32G4xx_HAL_Driver/Src/stm32g4xx_hal_flash_ramfunc.c" -mcpu=cortex-m4 -std=gnu11 -g3 -DUSE_HAL_DRIVER -DSTM32G474xx -DDEBUG -c -I../Core/Inc -I../Drivers/STM32G4xx_HAL_Driver/Inc -I../Drivers/STM32G4xx_HAL_Driver/Inc/Legacy -I../Drivers/CMSIS/Device/ST/STM32G4xx/Include -I../Drivers/CMSIS/Include -I"/home/chris/DSP_GuitarPedal/G474RE_Main/CppUTests" -I"/home/chris/DSP_GuitarPedal/G474RE_Main/Application" -I"/home/chris/DSP_GuitarPedal/G474_RTT/RTT" -O0 -ffunction-sections -fdata-sections -Wall -fstack-usage -MMD -MP -MF"Drivers/STM32G4xx_HAL_Driver/Src/stm32g4xx_hal_flash_ramfunc.d" -MT"Drivers/STM32G4xx_HAL_Driver/Src/stm32g4xx_hal_flash_ramfunc.o" --specs=nano.specs -mfpu=fpv4-sp-d16 -mfloat-abi=hard -mthumb -o "Drivers/STM32G4xx_HAL_Driver/Src/stm32g4xx_hal_flash_ramfunc.o"
arm-none-eabi-gcc "../Drivers/STM32G4xx_HAL_Driver/Src/stm32g4xx_hal_gpio.c" -mcpu=cortex-m4 -std=gnu11 -g3 -DUSE_HAL_DRIVER -DSTM32G474xx -DDEBUG -c -I../Core/Inc -I../Drivers/STM32G4xx_HAL_Driver/Inc -I../Drivers/STM32G4xx_HAL_Driver/Inc/Legacy -I../Drivers/CMSIS/Device/ST/STM32G4xx/Include -I../Drivers/CMSIS/Include -I"/home/chris/DSP_GuitarPedal/G474RE_Main/CppUTests" -I"/home/chris/DSP_GuitarPedal/G474RE_Main/Application" -I"/home/chris/DSP_GuitarPedal/G474_RTT/RTT" -O0 -ffunction-sections -fdata-sections -Wall -fstack-usage -MMD -MP -MF"Drivers/STM32G4xx_HAL_Driver/Src/stm32g4xx_hal_gpio.d" -MT"Drivers/STM32G4xx_HAL_Driver/Src/stm32g4xx_hal_gpio.o" --specs=nano.specs -mfpu=fpv4-sp-d16 -mfloat-abi=hard -mthumb -o "Drivers/STM32G4xx_HAL_Driver/Src/stm32g4xx_hal_gpio.o"
arm-none-eabi-gcc "../Drivers/STM32G4xx_HAL_Driver/Src/stm32g4xx_hal_pwr.c" -mcpu=cortex-m4 -std=gnu11 -g3 -DUSE_HAL_DRIVER -DSTM32G474xx -DDEBUG -c -I../Core/Inc -I../Drivers/STM32G4xx_HAL_Driver/Inc -I../Drivers/STM32G4xx_HAL_Driver/Inc/Legacy -I../Drivers/CMSIS/Device/ST/STM32G4xx/Include -I../Drivers/CMSIS/Include -I"/home/chris/DSP_GuitarPedal/G474RE_Main/CppUTests" -I"/home/chris/DSP_GuitarPedal/G474RE_Main/Application" -I"/home/chris/DSP_GuitarPedal/G474_RTT/RTT" -O0 -ffunction-sections -fdata-sections -Wall -fstack-usage -MMD -MP -MF"Drivers/STM32G4xx_HAL_Driver/Src/stm32g4xx_hal_pwr.d" -MT"Drivers/STM32G4xx_HAL_Driver/Src/stm32g4xx_hal_pwr.o" --specs=nano.specs -mfpu=fpv4-sp-d16 -mfloat-abi=hard -mthumb -o "Drivers/STM32G4xx_HAL_Driver/Src/stm32g4xx_hal_pwr.o"
arm-none-eabi-gcc "../Drivers/STM32G4xx_HAL_Driver/Src/stm32g4xx_hal_pwr_ex.c" -mcpu=cortex-m4 -std=gnu11 -g3 -DUSE_HAL_DRIVER -DSTM32G474xx -DDEBUG -c -I../Core/Inc -I../Drivers/STM32G4xx_HAL_Driver/Inc -I../Drivers/STM32G4xx_HAL_Driver/Inc/Legacy -I../Drivers/CMSIS/Device/ST/STM32G4xx/Include -I../Drivers/CMSIS/Include -I"/home/chris/DSP_GuitarPedal/G474RE_Main/CppUTests" -I"/home/chris/DSP_GuitarPedal/G474RE_Main/Application" -I"/home/chris/DSP_GuitarPedal/G474_RTT/RTT" -O0 -ffunction-sections -fdata-sections -Wall -fstack-usage -MMD -MP -MF"Drivers/STM32G4xx_HAL_Driver/Src/stm32g4xx_hal_pwr_ex.d" -MT"Drivers/STM32G4xx_HAL_Driver/Src/stm32g4xx_hal_pwr_ex.o" --specs=nano.specs -mfpu=fpv4-sp-d16 -mfloat-abi=hard -mthumb -o "Drivers/STM32G4xx_HAL_Driver/Src/stm32g4xx_hal_pwr_ex.o"
arm-none-eabi-gcc "../Drivers/STM32G4xx_HAL_Driver/Src/stm32g4xx_hal_rcc.c" -mcpu=cortex-m4 -std=gnu11 -g3 -DUSE_HAL_DRIVER -DSTM32G474xx -DDEBUG -c -I../Core/Inc -I../Drivers/STM32G4xx_HAL_Driver/Inc -I../Drivers/STM32G4xx_HAL_Driver/Inc/Legacy -I../Drivers/CMSIS/Device/ST/STM32G4xx/Include -I../Drivers/CMSIS/Include -I"/home/chris/DSP_GuitarPedal/G474RE_Main/CppUTests" -I"/home/chris/DSP_GuitarPedal/G474RE_Main/Application" -I"/home/chris/DSP_GuitarPedal/G474_RTT/RTT" -O0 -ffunction-sections -fdata-sections -Wall -fstack-usage -MMD -MP -MF"Drivers/STM32G4xx_HAL_Driver/Src/stm32g4xx_hal_rcc.d" -MT"Drivers/STM32G4xx_HAL_Driver/Src/stm32g4xx_hal_rcc.o" --specs=nano.specs -mfpu=fpv4-sp-d16 -mfloat-abi=hard -mthumb -o "Drivers/STM32G4xx_HAL_Driver/Src/stm32g4xx_hal_rcc.o"
arm-none-eabi-gcc "../Drivers/STM32G4xx_HAL_Driver/Src/stm32g4xx_hal_rcc_ex.c" -mcpu=cortex-m4 -std=gnu11 -g3 -DUSE_HAL_DRIVER -DSTM32G474xx -DDEBUG -c -I../Core/Inc -I../Drivers/STM32G4xx_HAL_Driver/Inc -I../Drivers/STM32G4xx_HAL_Driver/Inc/Legacy -I../Drivers/CMSIS/Device/ST/STM32G4xx/Include -I../Drivers/CMSIS/Include -I"/home/chris/DSP_GuitarPedal/G474RE_Main/CppUTests" -I"/home/chris/DSP_GuitarPedal/G474RE_Main/Application" -I"/home/chris/DSP_GuitarPedal/G474_RTT/RTT" -O0 -ffunction-sections -fdata-sections -Wall -fstack-usage -MMD -MP -MF"Drivers/STM32G4xx_HAL_Driver/Src/stm32g4xx_hal_rcc_ex.d" -MT"Drivers/STM32G4xx_HAL_Driver/Src/stm32g4xx_hal_rcc_ex.o" --specs=nano.specs -mfpu=fpv4-sp-d16 -mfloat-abi=hard -mthumb -o "Drivers/STM32G4xx_HAL_Driver/Src/stm32g4xx_hal_rcc_ex.o"
arm-none-eabi-gcc "../Drivers/STM32G4xx_HAL_Driver/Src/stm32g4xx_hal_tim.c" -mcpu=cortex-m4 -std=gnu11 -g3 -DUSE_HAL_DRIVER -DSTM32G474xx -DDEBUG -c -I../Core/Inc -I../Drivers/STM32G4xx_HAL_Driver/Inc -I../Drivers/STM32G4xx_HAL_Driver/Inc/Legacy -I../Drivers/CMSIS/Device/ST/STM32G4xx/Include -I../Drivers/CMSIS/Include -I"/home/chris/DSP_GuitarPedal/G474RE_Main/CppUTests" -I"/home/chris/DSP_GuitarPedal/G474RE_Main/Application" -I"/home/chris/DSP_GuitarPedal/G474_RTT/RTT" -O0 -ffunction-sections -fdata-sections -Wall -fstack-usage -MMD -MP -MF"Drivers/STM32G4xx_HAL_Driver/Src/stm32g4xx_hal_tim.d" -MT"Drivers/STM32G4xx_HAL_Driver/Src/stm32g4xx_hal_tim.o" --specs=nano.specs -mfpu=fpv4-sp-d16 -mfloat-abi=hard -mthumb -o "Drivers/STM32G4xx_HAL_Driver/Src/stm32g4xx_hal_tim.o"
arm-none-eabi-gcc "../Drivers/STM32G4xx_HAL_Driver/Src/stm32g4xx_hal_tim_ex.c" -mcpu=cortex-m4 -std=gnu11 -g3 -DUSE_HAL_DRIVER -DSTM32G474xx -DDEBUG -c -I../Core/Inc -I../Drivers/STM32G4xx_HAL_Driver/Inc -I../Drivers/STM32G4xx_HAL_Driver/Inc/Legacy -I../Drivers/CMSIS/Device/ST/STM32G4xx/Include -I../Drivers/CMSIS/Include -I"/home/chris/DSP_GuitarPedal/G474RE_Main/CppUTests" -I"/home/chris/DSP_GuitarPedal/G474RE_Main/Application" -I"/home/chris/DSP_GuitarPedal/G474_RTT/RTT" -O0 -ffunction-sections -fdata-sections -Wall -fstack-usage -MMD -MP -MF"Drivers/STM32G4xx_HAL_Driver/Src/stm32g4xx_hal_tim_ex.d" -MT"Drivers/STM32G4xx_HAL_Driver/Src/stm32g4xx_hal_tim_ex.o" --specs=nano.specs -mfpu=fpv4-sp-d16 -mfloat-abi=hard -mthumb -o "Drivers/STM32G4xx_HAL_Driver/Src/stm32g4xx_hal_tim_ex.o"
arm-none-eabi-g++ "../CppUTests/test_dbuffer_allign.cpp" -mcpu=cortex-m4 -std=gnu++14 -g3 -DUSE_HAL_DRIVER -DSTM32G474xx -DDEBUG -c -I../Core/Inc -I"/home/chris/DSP_GuitarPedal/G474_CppUTest/Inc" -I../Drivers/STM32G4xx_HAL_Driver/Inc -I../Drivers/STM32G4xx_HAL_Driver/Inc/Legacy -I../Drivers/CMSIS/Device/ST/STM32G4xx/Include -I../Drivers/CMSIS/Include -I"/home/chris/DSP_GuitarPedal/G474RE_Main/CppUTests" -I"/home/chris/DSP_GuitarPedal/G474RE_Main/Application" -I"/home/chris/DSP_GuitarPedal/G474_RTT/RTT" -O0 -ffunction-sections -fdata-sections -fno-exceptions -fno-rtti -fno-use-cxa-atexit -Wall -fstack-usage -MMD -MP -MF"CppUTests/test_dbuffer_allign.d" -MT"CppUTests/test_dbuffer_allign.o" --specs=nano.specs -mfpu=fpv4-sp-d16 -mfloat-abi=hard -mthumb -o "CppUTests/test_dbuffer_allign.o"
arm-none-eabi-g++ "../CppUTests/test_dbuffer_frame.cpp" -mcpu=cortex-m4 -std=gnu++14 -g3 -DUSE_HAL_DRIVER -DSTM32G474xx -DDEBUG -c -I../Core/Inc -I"/home/chris/DSP_GuitarPedal/G474_CppUTest/Inc" -I../Drivers/STM32G4xx_HAL_Driver/Inc -I../Drivers/STM32G4xx_HAL_Driver/Inc/Legacy -I../Drivers/CMSIS/Device/ST/STM32G4xx/Include -I../Drivers/CMSIS/Include -I"/home/chris/DSP_GuitarPedal/G474RE_Main/CppUTests" -I"/home/chris/DSP_GuitarPedal/G474RE_Main/Application" -I"/home/chris/DSP_GuitarPedal/G474_RTT/RTT" -O0 -ffunction-sections -fdata-sections -fno-exceptions -fno-rtti -fno-use-cxa-atexit -Wall -fstack-usage -MMD -MP -MF"CppUTests/test_dbuffer_frame.d" -MT"CppUTests/test_dbuffer_frame.o" --specs=nano.specs -mfpu=fpv4-sp-d16 -mfloat-abi=hard -mthumb -o "CppUTests/test_dbuffer_frame.o"
arm-none-eabi-g++ "../CppUTests/test_dbuffer_getWordPtr.cpp" -mcpu=cortex-m4 -std=gnu++14 -g3 -DUSE_HAL_DRIVER -DSTM32G474xx -DDEBUG -c -I../Core/Inc -I"/home/chris/DSP_GuitarPedal/G474_CppUTest/Inc" -I../Drivers/STM32G4xx_HAL_Driver/Inc -I../Drivers/STM32G4xx_HAL_Driver/Inc/Legacy -I../Drivers/CMSIS/Device/ST/STM32G4xx/Include -I../Drivers/CMSIS/Include -I"/home/chris/DSP_GuitarPedal/G474RE_Main/CppUTests" -I"/home/chris/DSP_GuitarPedal/G474RE_Main/Application" -I"/home/chris/DSP_GuitarPedal/G474_RTT/RTT" -O0 -ffunction-sections -fdata-sections -fno-exceptions -fno-rtti -fno-use-cxa-atexit -Wall -fstack-usage -MMD -MP -MF"CppUTests/test_dbuffer_getWordPtr.d" -MT"CppUTests/test_dbuffer_getWordPtr.o" --specs=nano.specs -mfpu=fpv4-sp-d16 -mfloat-abi=hard -mthumb -o "CppUTests/test_dbuffer_getWordPtr.o"
arm-none-eabi-g++ "../CppUTests/tests_main.cpp" -mcpu=cortex-m4 -std=gnu++14 -g3 -DUSE_HAL_DRIVER -DSTM32G474xx -DDEBUG -c -I../Core/Inc -I"/home/chris/DSP_GuitarPedal/G474_CppUTest/Inc" -I../Drivers/STM32G4xx_HAL_Driver/Inc -I../Drivers/STM32G4xx_HAL_Driver/Inc/Legacy -I../Drivers/CMSIS/Device/ST/STM32G4xx/Include -I../Drivers/CMSIS/Include -I"/home/chris/DSP_GuitarPedal/G474RE_Main/CppUTests" -I"/home/chris/DSP_GuitarPedal/G474RE_Main/Application" -I"/home/chris/DSP_GuitarPedal/G474_RTT/RTT" -O0 -ffunction-sections -fdata-sections -fno-exceptions -fno-rtti -fno-use-cxa-atexit -Wall -fstack-usage -MMD -MP -MF"CppUTests/tests_main.d" -MT"CppUTests/tests_main.o" --specs=nano.specs -mfpu=fpv4-sp-d16 -mfloat-abi=hard -mthumb -o "CppUTests/tests_main.o"
arm-none-eabi-gcc -mcpu=cortex-m4 -g3 -c -I"/home/chris/DSP_GuitarPedal/G474RE_Main/Application" -I"/home/chris/DSP_GuitarPedal/G474_RTT/RTT" -I"/home/chris/DSP_GuitarPedal/G474RE_Main/CppUTests" -x assembler-with-cpp -MMD -MP -MF"Core/Startup/startup_stm32g474retx.d" -MT"Core/Startup/startup_stm32g474retx.o" --specs=nano.specs -mfpu=fpv4-sp-d16 -mfloat-abi=hard -mthumb -o "Core/Startup/startup_stm32g474retx.o" "../Core/Startup/startup_stm32g474retx.s"
arm-none-eabi-gcc "../Core/Src/dac.c" -mcpu=cortex-m4 -std=gnu11 -g3 -DUSE_HAL_DRIVER -DSTM32G474xx -DDEBUG -c -I../Core/Inc -I../Drivers/STM32G4xx_HAL_Driver/Inc -I../Drivers/STM32G4xx_HAL_Driver/Inc/Legacy -I../Drivers/CMSIS/Device/ST/STM32G4xx/Include -I../Drivers/CMSIS/Include -I"/home/chris/DSP_GuitarPedal/G474RE_Main/CppUTests" -I"/home/chris/DSP_GuitarPedal/G474RE_Main/Application" -I"/home/chris/DSP_GuitarPedal/G474_RTT/RTT" -O0 -ffunction-sections -fdata-sections -Wall -fstack-usage -MMD -MP -MF"Core/Src/dac.d" -MT"Core/Src/dac.o" --specs=nano.specs -mfpu=fpv4-sp-d16 -mfloat-abi=hard -mthumb -o "Core/Src/dac.o"
arm-none-eabi-gcc "../Core/Src/dma.c" -mcpu=cortex-m4 -std=gnu11 -g3 -DUSE_HAL_DRIVER -DSTM32G474xx -DDEBUG -c -I../Core/Inc -I../Drivers/STM32G4xx_HAL_Driver/Inc -I../Drivers/STM32G4xx_HAL_Driver/Inc/Legacy -I../Drivers/CMSIS/Device/ST/STM32G4xx/Include -I../Drivers/CMSIS/Include -I"/home/chris/DSP_GuitarPedal/G474RE_Main/CppUTests" -I"/home/chris/DSP_GuitarPedal/G474RE_Main/Application" -I"/home/chris/DSP_GuitarPedal/G474_RTT/RTT" -O0 -ffunction-sections -fdata-sections -Wall -fstack-usage -MMD -MP -MF"Core/Src/dma.d" -MT"Core/Src/dma.o" --specs=nano.specs -mfpu=fpv4-sp-d16 -mfloat-abi=hard -mthumb -o "Core/Src/dma.o"
arm-none-eabi-gcc "../Core/Src/gpio.c" -mcpu=cortex-m4 -std=gnu11 -g3 -DUSE_HAL_DRIVER -DSTM32G474xx -DDEBUG -c -I../Core/Inc -I../Drivers/STM32G4xx_HAL_Driver/Inc -I../Drivers/STM32G4xx_HAL_Driver/Inc/Legacy -I../Drivers/CMSIS/Device/ST/STM32G4xx/Include -I../Drivers/CMSIS/Include -I"/home/chris/DSP_GuitarPedal/G474RE_Main/CppUTests" -I"/home/chris/DSP_GuitarPedal/G474RE_Main/Application" -I"/home/chris/DSP_GuitarPedal/G474_RTT/RTT" -O0 -ffunction-sections -fdata-sections -Wall -fstack-usage -MMD -MP -MF"Core/Src/gpio.d" -MT"Core/Src/gpio.o" --specs=nano.specs -mfpu=fpv4-sp-d16 -mfloat-abi=hard -mthumb -o "Core/Src/gpio.o"
arm-none-eabi-gcc "../Core/Src/main.c" -mcpu=cortex-m4 -std=gnu11 -g3 -DUSE_HAL_DRIVER -DSTM32G474xx -DDEBUG -c -I../Core/Inc -I../Drivers/STM32G4xx_HAL_Driver/Inc -I../Drivers/STM32G4xx_HAL_Driver/Inc/Legacy -I../Drivers/CMSIS/Device/ST/STM32G4xx/Include -I../Drivers/CMSIS/Include -I"/home/chris/DSP_GuitarPedal/G474RE_Main/CppUTests" -I"/home/chris/DSP_GuitarPedal/G474RE_Main/Application" -I"/home/chris/DSP_GuitarPedal/G474_RTT/RTT" -O0 -ffunction-sections -fdata-sections -Wall -fstack-usage -MMD -MP -MF"Core/Src/main.d" -MT"Core/Src/main.o" --specs=nano.specs -mfpu=fpv4-sp-d16 -mfloat-abi=hard -mthumb -o "Core/Src/main.o"
arm-none-eabi-gcc "../Core/Src/stm32g4xx_hal_msp.c" -mcpu=cortex-m4 -std=gnu11 -g3 -DUSE_HAL_DRIVER -DSTM32G474xx -DDEBUG -c -I../Core/Inc -I../Drivers/STM32G4xx_HAL_Driver/Inc -I../Drivers/STM32G4xx_HAL_Driver/Inc/Legacy -I../Drivers/CMSIS/Device/ST/STM32G4xx/Include -I../Drivers/CMSIS/Include -I"/home/chris/DSP_GuitarPedal/G474RE_Main/CppUTests" -I"/home/chris/DSP_GuitarPedal/G474RE_Main/Application" -I"/home/chris/DSP_GuitarPedal/G474_RTT/RTT" -O0 -ffunction-sections -fdata-sections -Wall -fstack-usage -MMD -MP -MF"Core/Src/stm32g4xx_hal_msp.d" -MT"Core/Src/stm32g4xx_hal_msp.o" --specs=nano.specs -mfpu=fpv4-sp-d16 -mfloat-abi=hard -mthumb -o "Core/Src/stm32g4xx_hal_msp.o"
arm-none-eabi-gcc "../Core/Src/stm32g4xx_it.c" -mcpu=cortex-m4 -std=gnu11 -g3 -DUSE_HAL_DRIVER -DSTM32G474xx -DDEBUG -c -I../Core/Inc -I../Drivers/STM32G4xx_HAL_Driver/Inc -I../Drivers/STM32G4xx_HAL_Driver/Inc/Legacy -I../Drivers/CMSIS/Device/ST/STM32G4xx/Include -I../Drivers/CMSIS/Include -I"/home/chris/DSP_GuitarPedal/G474RE_Main/CppUTests" -I"/home/chris/DSP_GuitarPedal/G474RE_Main/Application" -I"/home/chris/DSP_GuitarPedal/G474_RTT/RTT" -O0 -ffunction-sections -fdata-sections -Wall -fstack-usage -MMD -MP -MF"Core/Src/stm32g4xx_it.d" -MT"Core/Src/stm32g4xx_it.o" --specs=nano.specs -mfpu=fpv4-sp-d16 -mfloat-abi=hard -mthumb -o "Core/Src/stm32g4xx_it.o"
arm-none-eabi-gcc "../Core/Src/syscalls.c" -mcpu=cortex-m4 -std=gnu11 -g3 -DUSE_HAL_DRIVER -DSTM32G474xx -DDEBUG -c -I../Core/Inc -I../Drivers/STM32G4xx_HAL_Driver/Inc -I../Drivers/STM32G4xx_HAL_Driver/Inc/Legacy -I../Drivers/CMSIS/Device/ST/STM32G4xx/Include -I../Drivers/CMSIS/Include -I"/home/chris/DSP_GuitarPedal/G474RE_Main/CppUTests" -I"/home/chris/DSP_GuitarPedal/G474RE_Main/Application" -I"/home/chris/DSP_GuitarPedal/G474_RTT/RTT" -O0 -ffunction-sections -fdata-sections -Wall -fstack-usage -MMD -MP -MF"Core/Src/syscalls.d" -MT"Core/Src/syscalls.o" --specs=nano.specs -mfpu=fpv4-sp-d16 -mfloat-abi=hard -mthumb -o "Core/Src/syscalls.o"
arm-none-eabi-gcc "../Core/Src/sysmem.c" -mcpu=cortex-m4 -std=gnu11 -g3 -DUSE_HAL_DRIVER -DSTM32G474xx -DDEBUG -c -I../Core/Inc -I../Drivers/STM32G4xx_HAL_Driver/Inc -I../Drivers/STM32G4xx_HAL_Driver/Inc/Legacy -I../Drivers/CMSIS/Device/ST/STM32G4xx/Include -I../Drivers/CMSIS/Include -I"/home/chris/DSP_GuitarPedal/G474RE_Main/CppUTests" -I"/home/chris/DSP_GuitarPedal/G474RE_Main/Application" -I"/home/chris/DSP_GuitarPedal/G474_RTT/RTT" -O0 -ffunction-sections -fdata-sections -Wall -fstack-usage -MMD -MP -MF"Core/Src/sysmem.d" -MT"Core/Src/sysmem.o" --specs=nano.specs -mfpu=fpv4-sp-d16 -mfloat-abi=hard -mthumb -o "Core/Src/sysmem.o"
arm-none-eabi-gcc "../Core/Src/system_stm32g4xx.c" -mcpu=cortex-m4 -std=gnu11 -g3 -DUSE_HAL_DRIVER -DSTM32G474xx -DDEBUG -c -I../Core/Inc -I../Drivers/STM32G4xx_HAL_Driver/Inc -I../Drivers/STM32G4xx_HAL_Driver/Inc/Legacy -I../Drivers/CMSIS/Device/ST/STM32G4xx/Include -I../Drivers/CMSIS/Include -I"/home/chris/DSP_GuitarPedal/G474RE_Main/CppUTests" -I"/home/chris/DSP_GuitarPedal/G474RE_Main/Application" -I"/home/chris/DSP_GuitarPedal/G474_RTT/RTT" -O0 -ffunction-sections -fdata-sections -Wall -fstack-usage -MMD -MP -MF"Core/Src/system_stm32g4xx.d" -MT"Core/Src/system_stm32g4xx.o" --specs=nano.specs -mfpu=fpv4-sp-d16 -mfloat-abi=hard -mthumb -o "Core/Src/system_stm32g4xx.o"
arm-none-eabi-gcc "../Core/Src/tim.c" -mcpu=cortex-m4 -std=gnu11 -g3 -DUSE_HAL_DRIVER -DSTM32G474xx -DDEBUG -c -I../Core/Inc -I../Drivers/STM32G4xx_HAL_Driver/Inc -I../Drivers/STM32G4xx_HAL_Driver/Inc/Legacy -I../Drivers/CMSIS/Device/ST/STM32G4xx/Include -I../Drivers/CMSIS/Include -I"/home/chris/DSP_GuitarPedal/G474RE_Main/CppUTests" -I"/home/chris/DSP_GuitarPedal/G474RE_Main/Application" -I"/home/chris/DSP_GuitarPedal/G474_RTT/RTT" -O0 -ffunction-sections -fdata-sections -Wall -fstack-usage -MMD -MP -MF"Core/Src/tim.d" -MT"Core/Src/tim.o" --specs=nano.specs -mfpu=fpv4-sp-d16 -mfloat-abi=hard -mthumb -o "Core/Src/tim.o"
arm-none-eabi-g++ "../Application/appmain.cpp" -mcpu=cortex-m4 -std=gnu++14 -g3 -DUSE_HAL_DRIVER -DSTM32G474xx -DDEBUG -c -I../Core/Inc -I"/home/chris/DSP_GuitarPedal/G474_CppUTest/Inc" -I../Drivers/STM32G4xx_HAL_Driver/Inc -I../Drivers/STM32G4xx_HAL_Driver/Inc/Legacy -I../Drivers/CMSIS/Device/ST/STM32G4xx/Include -I../Drivers/CMSIS/Include -I"/home/chris/DSP_GuitarPedal/G474RE_Main/CppUTests" -I"/home/chris/DSP_GuitarPedal/G474RE_Main/Application" -I"/home/chris/DSP_GuitarPedal/G474_RTT/RTT" -O0 -ffunction-sections -fdata-sections -fno-exceptions -fno-rtti -fno-use-cxa-atexit -Wall -fstack-usage -MMD -MP -MF"Application/appmain.d" -MT"Application/appmain.o" --specs=nano.specs -mfpu=fpv4-sp-d16 -mfloat-abi=hard -mthumb -o "Application/appmain.o"
arm-none-eabi-gcc "../Application/redirect_write.c" -mcpu=cortex-m4 -std=gnu11 -g3 -DUSE_HAL_DRIVER -DSTM32G474xx -DDEBUG -c -I../Core/Inc -I../Drivers/STM32G4xx_HAL_Driver/Inc -I../Drivers/STM32G4xx_HAL_Driver/Inc/Legacy -I../Drivers/CMSIS/Device/ST/STM32G4xx/Include -I../Drivers/CMSIS/Include -I"/home/chris/DSP_GuitarPedal/G474RE_Main/CppUTests" -I"/home/chris/DSP_GuitarPedal/G474RE_Main/Application" -I"/home/chris/DSP_GuitarPedal/G474_RTT/RTT" -O0 -ffunction-sections -fdata-sections -Wall -fstack-usage -MMD -MP -MF"Application/redirect_write.d" -MT"Application/redirect_write.o" --specs=nano.specs -mfpu=fpv4-sp-d16 -mfloat-abi=hard -mthumb -o "Application/redirect_write.o"
arm-none-eabi-g++ -o "G474RE_Main.elf" @"objects.list"  -lG474_CppUTest -lG474_RTT -mcpu=cortex-m4 -T"/home/chris/DSP_GuitarPedal/G474RE_Main/STM32G474RETX_FLASH.ld" --specs=nosys.specs -Wl,-Map="G474RE_Main.map" -Wl,--gc-sections -static -L"/home/chris/DSP_GuitarPedal/G474_CppUTest/Debug" -L"/home/chris/DSP_GuitarPedal/G474_RTT/Debug" --specs=nano.specs -mfpu=fpv4-sp-d16 -mfloat-abi=hard -mthumb -Wl,--start-group -lc -lm -lstdc++ -lsupc++ -Wl,--end-group
Finished building target: G474RE_Main.elf
 
arm-none-eabi-size   G474RE_Main.elf 
arm-none-eabi-objdump -h -S  G474RE_Main.elf  > "G474RE_Main.list"
arm-none-eabi-objcopy  -O binary  G474RE_Main.elf  "G474RE_Main.bin"
   text	   data	    bss	    dec	    hex	filename
 274524	   1816	  11168	 287508	  46314	G474RE_Main.elf
Finished building: default.size.stdout
 
Finished building: G474RE_Main.bin
 
Finished building: G474RE_Main.list
 

20:55:03 Build Finished. 0 errors, 0 warnings. (took 5s.579ms)

